Script started on 2025-01-17 05:16:05+00:00 [TERM="xterm" TTY="/dev/pts/0" COLUMNS="82" LINES="39"]
$ ko  jobs
$ vim  bas	hrc
[?1049h[22;0;0t[>4;2m[?1h=[?2004h[?1004h[1;39r[?12h[?12l[22;2t[22;1t[27m[23m[29m[m[H[2J[?25l[39;1H[1m[37m[41mE325: ATTENTION[m
Found a swap file by the name "/var/tmp/bashrc.swp"
[10Cowned by: ubuntu   dated: Fri Jan 17 05:15:25 2025
[9Cfile name: /bashrc
[10Cmodified: YES
[9Cuser name: ubuntu   host name: 1f462a672d8f
[8Cprocess ID: 6153 (STILL RUNNING)
While opening file "bashrc"
      CANNOT BE FOUND
(1) Another program may be editing the same file.  If this is the case,
    be careful not to end up with two different instances of the same
    file when making changes.  Quit, or continue with caution.
(2) An edit session for this file crashed.
    If this is the case, use ":recover" or "vim -r bashrc"
    to recover the changes (see ":help recovery").
    If you did this already, delete the swap file "/var/tmp/bashrc.swp"
    to avoid this message.

[32mSwap file "/var/tmp/bashrc.swp" already exists![m
[32m[O]pen Read-Only, (E)dit anyway, (R)ecover, (Q)uit, (A)bort: [?25h[m[39;1H[K[?25l[39;1H"bashrc" [New][2;1H½[6n[2;1H  [3;1HPzz\[0%m[6n[3;1H           [1;1H[>c]10;?]11;?[2;1H[1m[34m~                                                                                 [3;1H~                                                                                 [4;1H~                                                                                 [5;1H~                                                                                 [6;1H~                                                                                 [7;1H~                                                                                 [8;1H~                                                                                 [9;1H~                                                                                 [10;1H~                                                                                 [11;1H~                                                                                 [12;1H~                                                                                 [13;1H~                                                                                 [14;1H~                                                                                 [15;1H~                                                                                 [16;1H~                                                                                 [17;1H~                                                                                 [18;1H~                                                                                 [19;1H~                                                                                 [20;1H~                                                                                 [21;1H~                                                                                 [22;1H~                                                                                 [23;1H~                                                                                 [24;1H~                                                                                 [25;1H~                                                                                 [26;1H~                                                                                 [27;1H~                                                                                 [28;1H~                                                                                 [29;1H~                                                                                 [30;1H~                                                                                 [31;1H~                                                                                 [32;1H~                                                                                 [33;1H~                                                                                 [34;1H~                                                                                 [35;1H~                                                                                 [36;1H~                                                                                 [37;1H~                                                                                 [38;1H~                                                                                 [m[39;65H0,0-1[9CAll[1;1H[?25hP+q436f\P+q6b75\P+q6b64\P+q6b72\P+q6b6c\P+q2332\P+q2334\P+q2569\P+q2a37\P+q6b31\[?12$p[?25l[39;55H/[1;1H[39;56Hc[1;1H[39;57Hc[1;1H[39;58Hc[1;1H[39;59Hc[1;1H[39;60H/[1;1H[39;61Hc[1;1H[39;62Hc[1;1H[39;63Hc[1;1H[39;64Hc[1;1H[39;55H          [1;1H[?25h[?25l[39;55H/[1;1H[39;56H2[1;1H[39;57Hb[1;1H[39;58H2[1;1H[39;59Hb[1;1H[39;60H/[1;1H[39;61H3[1;1H[39;62H6[1;1H[39;63H3[1;1H[39;64H6[1;1H[39;55H          [1;1H[27m[23m[29m[m[H[2J[2;1H[1m[34m~                                                                                 [3;1H~                                                                                 [4;1H~                                                                                 [5;1H~                                                                                 [6;1H~                                                                                 [7;1H~                                                                                 [8;1H~                                                                                 [9;1H~                                                                                 [10;1H~                                                                                 [11;1H~                                                                                 [12;1H~                                                                                 [13;1H~                                                                                 [14;1H~                                                                                 [15;1H~                                                                                 [16;1H~                                                                                 [17;1H~                                                                                 [18;1H~                                                                                 [19;1H~                                                                                 [20;1H~                                                                                 [21;1H~                                                                                 [22;1H~                                                                                 [23;1H~                                                                                 [24;1H~                                                                                 [25;1H~                                                                                 [26;1H~                                                                                 [27;1H~                                                                                 [28;1H~                                                                                 [29;1H~                                                                                 [30;1H~                                                                                 [31;1H~                                                                                 [32;1H~                                                                                 [33;1H~                                                                                 [34;1H~                                                                                 [35;1H~                                                                                 [36;1H~                                                                                 [37;1H~                                                                                 [38;1H~                                                                                 [m[39;65H0,0-1[9CAll"bashrc" [New][1;1H[?25h[?25l[39;55HW[1;1H[39;55H [1;1H[?25h[?25l[39;55Ha[1;1H[39;55H [1;1H[39;1H[1m-- INSERT --[m[39;13H[K[39;65H0,1[11CAll[1;1H[?25h[?25la[39;65H1,2[1;2H[?25h[?25la[39;67H3[1;3H[?25h[?25la[39;67H4[1;4H[?25h[?25la[39;67H5[1;5H[?25h[?25la[39;67H6[1;6H[?25h[?25la[39;67H7[1;7H[?25h[?25la[39;67H8[1;8H[?25h[?25la[39;67H9[1;9H[?25h[?25la[39;67H10[1;10H[?25h[?25la[39;68H1[1;11H[?25h[?25la[39;68H2[1;12H[?25h[?25la[39;68H3[1;13H[?25h[?25la[39;68H4[1;14H[?25h[?25la[39;68H5[1;15H[?25h[?25la[39;68H6[1;16H[?25h[?25la[39;68H7[1;17H[?25h[39;1H[K[1;16H[?25l[39;55H^[[1;16H[39;55H  [1;17H[39;65H1,16[10CAll[1;16H[?25h[?25l[39;55H^Z[1;16H[39;1H
[?1004l[?2004l[?1l>[?25h[>4;m[?1049l[23;0;0t[1] + Stopped                    vi bashrc
$ jobs
[1] + Stopped                    vi bashrc
$ ko  jobs 0l  -l
[1] + 6157 Stopped               vi bashrc
$ vi aa
[?1049h[22;0;0t[>4;2m[?1h=[?2004h[?1004h[1;39r[?12h[?12l[22;2t[22;1t[27m[23m[29m[m[H[2J[?25l[39;1H"aa" [New][2;1H½[6n[2;1H  [3;1HPzz\[0%m[6n[3;1H           [1;1H[>c]10;?]11;?[2;1H[1m[34m~                                                                                 [3;1H~                                                                                 [4;1H~                                                                                 [5;1H~                                                                                 [6;1H~                                                                                 [7;1H~                                                                                 [8;1H~                                                                                 [9;1H~                                                                                 [10;1H~                                                                                 [11;1H~                                                                                 [12;1H~                                                                                 [13;1H~                                                                                 [14;1H~                                                                                 [15;1H~                                                                                 [16;1H~                                                                                 [17;1H~                                                                                 [18;1H~                                                                                 [19;1H~                                                                                 [20;1H~                                                                                 [21;1H~                                                                                 [22;1H~                                                                                 [23;1H~                                                                                 [24;1H~                                                                                 [25;1H~                                                                                 [26;1H~                                                                                 [27;1H~                                                                                 [28;1H~                                                                                 [29;1H~                                                                                 [30;1H~                                                                                 [31;1H~                                                                                 [32;1H~                                                                                 [33;1H~                                                                                 [34;1H~                                                                                 [35;1H~                                                                                 [36;1H~                                                                                 [37;1H~                                                                                 [38;1H~                                                                                 [m[39;65H0,0-1[9CAll[1;1H[?25hP+q436f\P+q6b75\P+q6b64\P+q6b72\P+q6b6c\P+q2332\P+q2334\P+q2569\P+q2a37\P+q6b31\[?12$p[?25l[39;55H/[1;1H[39;56Hc[1;1H[39;57Hc[1;1H[39;58Hc[1;1H[39;59Hc[1;1H[39;60H/[1;1H[39;61Hc[1;1H[39;62Hc[1;1H[39;63Hc[1;1H[39;64Hc[1;1H[39;55H          [1;1H[?25h[?25l[39;55H/[1;1H[39;56H2[1;1H[39;57Hb[1;1H[39;58H2[1;1H[39;59Hb[1;1H[39;60H/[1;1H[39;61H3[1;1H[39;62H6[1;1H[39;63H3[1;1H[39;64H6[1;1H[39;55H          [1;1H[27m[23m[29m[m[H[2J[2;1H[1m[34m~                                                                                 [3;1H~                                                                                 [4;1H~                                                                                 [5;1H~                                                                                 [6;1H~                                                                                 [7;1H~                                                                                 [8;1H~                                                                                 [9;1H~                                                                                 [10;1H~                                                                                 [11;1H~                                                                                 [12;1H~                                                                                 [13;1H~                                                                                 [14;1H~                                                                                 [15;1H~                                                                                 [16;1H~                                                                                 [17;1H~                                                                                 [18;1H~                                                                                 [19;1H~                                                                                 [20;1H~                                                                                 [21;1H~                                                                                 [22;1H~                                                                                 [23;1H~                                                                                 [24;1H~                                                                                 [25;1H~                                                                                 [26;1H~                                                                                 [27;1H~                                                                                 [28;1H~                                                                                 [29;1H~                                                                                 [30;1H~                                                                                 [31;1H~                                                                                 [32;1H~                                                                                 [33;1H~                                                                                 [34;1H~                                                                                 [35;1H~                                                                                 [36;1H~                                                                                 [37;1H~                                                                                 [38;1H~                                                                                 [m[39;65H0,0-1[9CAll"aa" [New][1;1H[?25h[?25l[39;55Ha[1;1H[39;55H [1;1H[39;1H[1m-- INSERT --[m[39;65H[K[39;65H0,1[11CAll[1;1H[?25h[?25li[39;65H1,2[1;2H[?25h[?25li[39;67H3[1;3H[?25h[?25li[39;67H4[1;4H[?25h[?25li[39;67H5[1;5H[?25h[?25li[39;67H6[1;6H[?25h[?25li[39;67H7[1;7H[?25h[?25li[39;67H8[1;8H[?25h[?25li[39;67H9[1;9H[?25h[?25li[39;67H10[1;10H[?25h[?25li[39;68H1[1;11H[?25h[?25li[39;68H2[1;12H[?25h[?25li[39;68H3[1;13H[?25h[?25li[39;68H4[1;14H[?25h[?25li[39;68H5[1;15H[?25h[?25li[39;68H6[1;16H[?25h[?25li[39;68H7[1;17H[?25h[?25li[39;68H8[1;18H[?25h[?25li[39;68H9[1;19H[?25h[?25l[1m[34m^Z[m[39;67H20-21[1;21H[?25h[?25l[1;19H[K[39;67H19   [1;19H[?25h[39;1H[K[1;18H[?25l[39;55H^[[1;18H[39;55H  [1;19H[39;65H1,18[10CAll[1;18H[?25h[?25l[39;55H^Z[1;18H[39;1H
[?1004l[?2004l[?1l>[?25h[>4;m[?1049l[23;0;0t[2] + Stopped                    vi aa
$ k jonb  bs -l
[2] + 6158 Stopped               vi aa
[1] - 6157 Stopped               vi bashrc
$ g fg $ %6159 8
sh: 7: fg: No such job: %6158
$ f ffg  g %1
vi bashrc
[?1049h[22;0;0t[>4;2m[?1h=[?2004h[?1004h[?12h[?12l[27m[23m[29m[m[H[2J[?25l[1;1Haaaaaaaaaaaaaaaa
[1m[34m~                                                                                 [3;1H~                                                                                 [4;1H~                                                                                 [5;1H~                                                                                 [6;1H~                                                                                 [7;1H~                                                                                 [8;1H~                                                                                 [9;1H~                                                                                 [10;1H~                                                                                 [11;1H~                                                                                 [12;1H~                                                                                 [13;1H~                                                                                 [14;1H~                                                                                 [15;1H~                                                                                 [16;1H~                                                                                 [17;1H~                                                                                 [18;1H~                                                                                 [19;1H~                                                                                 [20;1H~                                                                                 [21;1H~                                                                                 [22;1H~                                                                                 [23;1H~                                                                                 [24;1H~                                                                                 [25;1H~                                                                                 [26;1H~                                                                                 [27;1H~                                                                                 [28;1H~                                                                                 [29;1H~                                                                                 [30;1H~                                                                                 [31;1H~                                                                                 [32;1H~                                                                                 [33;1H~                                                                                 [34;1H~                                                                                 [35;1H~                                                                                 [36;1H~                                                                                 [37;1H~                                                                                 [38;1H~                                                                                 [m[39;65H1,16[10CAll[1;16H[?25h[?25l[?25h[?25l[39;55H^Z[1;16H[39;1H
[?1004l[?2004l[?1l>[?25h[>4;m[?1049l[23;0;0t[1] + Stopped                    vi bashrc
$ fg $R  $$  %2
vi aa
[?1049h[22;0;0t[>4;2m[?1h=[?2004h[?1004h[?12h[?12l[27m[23m[29m[m[H[2J[?25l[1;1Hiiiiiiiiiiiiiiiiii
[1m[34m~                                                                                 [3;1H~                                                                                 [4;1H~                                                                                 [5;1H~                                                                                 [6;1H~                                                                                 [7;1H~                                                                                 [8;1H~                                                                                 [9;1H~                                                                                 [10;1H~                                                                                 [11;1H~                                                                                 [12;1H~                                                                                 [13;1H~                                                                                 [14;1H~                                                                                 [15;1H~                                                                                 [16;1H~                                                                                 [17;1H~                                                                                 [18;1H~                                                                                 [19;1H~                                                                                 [20;1H~                                                                                 [21;1H~                                                                                 [22;1H~                                                                                 [23;1H~                                                                                 [24;1H~                                                                                 [25;1H~                                                                                 [26;1H~                                                                                 [27;1H~                                                                                 [28;1H~                                                                                 [29;1H~                                                                                 [30;1H~                                                                                 [31;1H~                                                                                 [32;1H~                                                                                 [33;1H~                                                                                 [34;1H~                                                                                 [35;1H~                                                                                 [36;1H~                                                                                 [37;1H~                                                                                 [38;1H~                                                                                 [m[39;65H1,18[10CAll[1;18H[?25h[?25l[?25h[?25l[39;55H^Z[1;18H[39;1H
[?1004l[?2004l[?1l>[?25h[>4;m[?1049l[23;0;0t[2] + Stopped                    vi aa
$ bg %1
[1] vi bashrc
$ ls  ko  = jons  bs -l
[1] + 6157 Stopped (tty output)  vi bashrc
[2] - 6158 Stopped               vi aa
$ cp bashrc aa &* 
$ cp: cannot stat 'bashrc': No such file or directory
ls
bin   dev  home  lib32	libx32	mnt  proc  run	 session.log  sys  usr	work
boot  etc  lib	 lib64	media	opt  root  sbin  srv	      tmp  var
[3]   Done(1)                    cp bashrc aa
$ exit
You have stopped jobs.
$ tx  exot  it
[?25h[?1049h[22;0;0t[>4;2m[?1h=[?2004h[?1004h[?12h[?12l[27m[23m[29m[m[H[2J[?25l[1;1Haaaaaaaaaaaaaaaa
[1m[34m~                                                                                 [3;1H~                                                                                 [4;1H~                                                                                 [5;1H~                                                                                 [6;1H~                                                                                 [7;1H~                                                                                 [8;1H~                                                                                 [9;1H~                                                                                 [10;1H~                                                                                 [11;1H~                                                                                 [12;1H~                                                                                 [13;1H~                                                                                 [14;1H~                                                                                 [15;1H~                                                                                 [16;1H~                                                                                 [17;1H~                                                                                 [18;1H~                                                                                 [19;1H~                                                                                 [20;1H~                                                                                 [21;1H~                                                                                 [22;1H~                                                                                 [23;1H~                                                                                 [24;1H~                                                                                 [25;1H~                                                                                 [26;1H~                                                                                 [27;1H~                                                                                 [28;1H~                                                                                 [29;1H~                                                                                 [30;1H~                                                                                 [31;1H~                                                                                 [32;1H~                                                                                 [33;1H~                                                                                 [34;1H~                                                                                 [35;1H~                                                                                 [36;1H~                                                                                 [37;1H~                                                                                 [38;1H~                                                                                 [m[39;65H1,16[10CAll[1;16H[?25h[?25l[?25h[39;1H[?1004l[?2004l[?1l>[>4;m[?1049l[23;0;0tVim: Caught deadly signal HUP
Vim: preserving files...
Vim: Finished.
[39;1H[23;2t[23;1t[?1049h[22;0;0t[>4;2m[?1h=[?2004h[?1004h[?12h[?12l[27m[23m[29m[m[H[2J[?25l[1;1Hiiiiiiiiiiiiiiiiii
[1m[34m~                                                                                 [3;1H~                                                                                 [4;1H~                                                                                 [5;1H~                                                                                 [6;1H~                                                                                 [7;1H~                                                                                 [8;1H~                                                                                 [9;1H~                                                                                 [10;1H~                                                                                 [11;1H~                                                                                 [12;1H~                                                                                 [13;1H~                                                                                 [14;1H~                                                                                 [15;1H~                                                                                 [16;1H~                                                                                 [17;1H~                                                                                 [18;1H~                                                                                 [19;1H~                                                                                 [20;1H~                                                                                 [21;1H~                                                                                 [22;1H~                                                                                 [23;1H~                                                                                 [24;1H~                                                                                 [25;1H~                                                                                 [26;1H~                                                                                 [27;1H~                                                                                 [28;1H~                                                                                 [29;1H~                                                                                 [30;1H~                                                                                 [31;1H~                                                                                 [32;1H~                                                                                 [33;1H~                                                                                 [34;1H~                                                                                 [35;1H~                                                                                 [36;1H~                                                                                 [37;1H~                                                                                 [38;1H~                                                                                 [m[39;65H1,18[10CAll[1;18H[?25h[?25l[?25h[39;1H[?1004l[?2004l[?1l>[>4;m[?1049l[23;0;0tVim: Caught deadly signal HUP
Vim: preserving files...
Vim: Finished.
[39;1H[23;2t[23;1t
Script done on 2025-01-17 05:20:45+00:00 [COMMAND_EXIT_CODE="0"]
