Script started on 2025-01-22 22:22:37+00:00 [TERM="xterm" TTY="/dev/pts/0" COLUMNS="93" LINES="37"]
$ grep bash /etc/passwi d
root:x:0:0:root:/root:/bin/bash
ubuntu:x:1000:1000::/home/ubuntu:/bin/bash
$ grep -n PS1 . /etc/bashrc
grep: /etc/bashrc: No such file or directory
$ grep -n PS1 / , , ./bashrc
grep: ./bashrc: No such file or directory
$ lds  s -la
total 24
drwxr-x--- 1 ubuntu ubuntu 4096 Jan 22 22:22 .
drwxr-xr-x 1 root   root   4096 Jan 14 12:27 ..
-rw-r--r-- 1 ubuntu ubuntu  220 Jan  6  2022 .bash_logout
-rw-r--r-- 1 ubuntu ubuntu 3771 Jan  6  2022 .bashrc
-rw-r--r-- 1 ubuntu ubuntu  807 Jan  6  2022 .profile
-rw-r--r-- 1 ubuntu ubuntu    0 Jan 22 22:22 session.log
$ grep -n PS1 ./.bashrc
60:    PS1='${debian_chroot:+($debian_chroot)}\[\033[01;32m\]\u@\h\[\033[00m\]:\[\033[01;34m\]\w\[\033[00m\]\$ '
62:    PS1='${debian_chroot:+($debian_chroot)}\u@\h:\w\$ '
69:    PS1="\[\e]0;${debian_chroot:+($debian_chroot)}\u@\h: \w\a\]$PS1"
$ grep system /etc/passwd
$ f grep -i sysy tem ./  . . /etc/passwd
gnats:x:41:41:Gnats Bug-Reporting System (admin):/var/lib/gnats:/usr/sbin/nologin
$ grep -v bash /etc/[asswd
grep: /etc/[asswd: No such file or directory
$ grep -= v bash . /etcv/  /passwd
daemon:x:1:1:daemon:/usr/sbin:/usr/sbin/nologin
bin:x:2:2:bin:/bin:/usr/sbin/nologin
sys:x:3:3:sys:/dev:/usr/sbin/nologin
sync:x:4:65534:sync:/bin:/bin/sync
games:x:5:60:games:/usr/games:/usr/sbin/nologin
man:x:6:12:man:/var/cache/man:/usr/sbin/nologin
lp:x:7:7:lp:/var/spool/lpd:/usr/sbin/nologin
mail:x:8:8:mail:/var/mail:/usr/sbin/nologin
news:x:9:9:news:/var/spool/news:/usr/sbin/nologin
uucp:x:10:10:uucp:/var/spool/uucp:/usr/sbin/nologin
proxy:x:13:13:proxy:/bin:/usr/sbin/nologin
www-data:x:33:33:www-data:/var/www:/usr/sbin/nologin
backup:x:34:34:backup:/var/backups:/usr/sbin/nologin
list:x:38:38:Mailing List Manager:/var/list:/usr/sbin/nologin
irc:x:39:39:ircd:/run/ircd:/usr/sbin/nologin
gnats:x:41:41:Gnats Bug-Reporting System (admin):/var/lib/gnats:/usr/sbin/nologin
nobody:x:65534:65534:nobody:/nonexistent:/usr/sbin/nologin
_apt:x:100:65534::/nonexistent:/usr/sbin/nologin
$ ls /etc/  | grep crobn  n
cron.d
cron.daily
$ ecxi   xit

Script done on 2025-01-22 22:26:20+00:00 [COMMAND_EXIT_CODE="0"]
