Script started on 2025-01-21 04:32:44+00:00 [TERM="xterm" TTY="/dev/pts/0" COLUMNS="43" LINES="40"]
$ sa  head samp;e  le.txt
bin
boot
dev
etc
home
lib
lib32
lib64
libx32
media
$ history 
sh: 2: history: not found
$ h ls -l 
total 4
-rw-r--r-- 1 ubuntu ubuntu 103 Jan 21 04:31 sample.txt
-rw-r--r-- 1 ubuntu ubuntu   0 Jan 21 04:32 session.log
$ ls -; k l / | head
total 60
lrwxrwxrwx   1 root root    7 Sep 11 14:04 bin -> usr/bin
drwxr-xr-x   2 root root 4096 Apr 18  2022 boot
drwxr-xr-x   5 root root  360 Jan 21 04:30 dev
drwxr-xr-x   1 root root 4096 Jan 21 04:30 etc
drwxr-xr-x   1 root root 4096 Jan 14 12:27 home
lrwxrwxrwx   1 root root    7 Sep 11 14:04 lib -> usr/lib
lrwxrwxrwx   1 root root    9 Sep 11 14:04 lib32 -> usr/lib32
lrwxrwxrwx   1 root root    9 Sep 11 14:04 lib64 -> usr/lib64
lrwxrwxrwx   1 root root   10 Sep 11 14:04 libx32 -> usr/libx32
$ ls -l /
total 60
lrwxrwxrwx   1 root root    7 Sep 11 14:04 bin -> usr/bin
drwxr-xr-x   2 root root 4096 Apr 18  2022 boot
drwxr-xr-x   5 root root  360 Jan 21 04:30 dev
drwxr-xr-x   1 root root 4096 Jan 21 04:30 etc
drwxr-xr-x   1 root root 4096 Jan 14 12:27 home
lrwxrwxrwx   1 root root    7 Sep 11 14:04 lib -> usr/lib
lrwxrwxrwx   1 root root    9 Sep 11 14:04 lib32 -> usr/lib32
lrwxrwxrwx   1 root root    9 Sep 11 14:04 lib64 -> usr/lib64
lrwxrwxrwx   1 root root   10 Sep 11 14:04 libx32 -> usr/libx32
drwxr-xr-x   2 root root 4096 Sep 11 14:04 media
drwxr-xr-x   2 root root 4096 Sep 11 14:04 mnt
drwxr-xr-x   2 root root 4096 Sep 11 14:04 opt
dr-xr-xr-x 199 root root    0 Jan 21 04:30 proc
drwx------   2 root root 4096 Sep 11 14:07 root
drwxr-xr-x   5 root root 4096 Sep 11 14:08 run
lrwxrwxrwx   1 root root    8 Sep 11 14:04 sbin -> usr/sbin
drwxr-xr-x   2 root root 4096 Sep 11 14:04 srv
dr-xr-xr-x  13 root root    0 Jan 21 04:30 sys
drwxrwxrwt   1 root root 4096 Jan 14 12:27 tmp
drwxr-xr-x   1 root root 4096 Sep 11 14:04 usr
drwxr-xr-x   1 root root 4096 Sep 11 14:07 var
drwxr-xr-x   4 root root  128 Jan  9 12:29 work
$ exit

Script done on 2025-01-21 04:33:50+00:00 [COMMAND_EXIT_CODE="0"]
