Script started on 2025-01-21 05:12:28+00:00 [TERM="xterm" TTY="/dev/pts/0" COLUMNS="33" LINES="22"]
$ sort      cat di  filw e1
Hokkaido
Aomori
Iwate
Miyagi
Akita
Yamagata
Fukushima
$ sort fu ile1
Akita
Aomori
Fukushima
Hokkaido
Iwate
Miyagi
Yamagata
$ ps x
  PID TTY      STAT   TIME COMMAND
    1 pts/0    Ss     0:00 /bin/b
   27 pts/0    S+     0:00 script
   28 pts/1    Ss     0:00 sh -i
   31 pts/1    R+     0:00 ps x
$ ps x | sort -k 5
    1 pts/0    Ss     0:00 /bin/bash
  PID TTY      STAT   TIME COMMAND
   32 pts/1    R+     0:00 ps x
   27 pts/0    S+     0:00 script -q session.log
   28 pts/1    Ss     0:00 sh -i
   33 pts/1    S+     0:00 sort -k 5
$ vi number./ txt
[?1049h[22;0;0t[>4;2m[?1h=[?2004h[?1004h[1;22r[?12h[?12l[22;2t[22;1t[27m[23m[29m[m[H[2J[?25l[22;1H"number.txt" [New][2;1H½[6n[2;1H  [3;1HPzz\[0%m[6n[3;1H           [1;1H[>c]10;?]11;?[2;1H[1m[34m~                                                     [3;1H~                                                     [4;1H~                                                     [5;1H~                                                     [6;1H~                                                     [7;1H~                                                     [8;1H~                                                     [9;1H~                                                     [10;1H~                                                     [11;1H~                                                     [12;1H~                                                     [13;1H~                                                     [14;1H~                                                     [15;1H~                                                     [16;1H~                                                     [17;1H~                                                     [18;1H~                                                     [19;1H~                                                     [20;1H~                                                     [21;1H~                                                     [m[22;37H0,0-1[9CAll[1;1H[?25hP+q436f\P+q6b75\P+q6b64\P+q6b72\P+q6b6c\P+q2332\P+q2334\P+q2569\P+q2a37\P+q6b31\[?12$p[?25l[22;27H/[1;1H[22;28Hc[1;1H[22;29Hc[1;1H[22;30Hc[1;1H[22;31Hc[1;1H[22;32H/[1;1H[22;33Hc[1;1H[22;34Hc[1;1H[22;35Hc[1;1H[22;36Hc[1;1H[22;27H          [1;1H[?25h[?25l[22;27H/[1;1H[22;28H2[1;1H[22;29Hb[1;1H[22;30H2[1;1H[22;31Hb[1;1H[22;32H/[1;1H[22;33H3[1;1H[22;34H6[1;1H[22;35H3[1;1H[22;36H6[1;1H[22;27H          [1;1H[27m[23m[29m[m[H[2J[2;1H[1m[34m~                                                     [3;1H~                                                     [4;1H~                                                     [5;1H~                                                     [6;1H~                                                     [7;1H~                                                     [8;1H~                                                     [9;1H~                                                     [10;1H~                                                     [11;1H~                                                     [12;1H~                                                     [13;1H~                                                     [14;1H~                                                     [15;1H~                                                     [16;1H~                                                     [17;1H~                                                     [18;1H~                                                     [19;1H~                                                     [20;1H~                                                     [21;1H~                                                     [m[22;37H0,0-1[9CAll"number.txt" [New][1;1H[?25h[?25l[22;27Hi[1;1H[22;27H [1;1H[22;1H[1m-- INSERT --[m[22;14H[K[22;37H0,1[11CAll[1;1H[?25h[?25l4[22;37H1,2[1;2H[?25h[?25l[1;1H[K[22;39H1[1;1H[?25h[?25l5[22;39H2[1;2H[?25h[?25l[2;1H[K[22;37H2,1[2;1H[?25h[?25l6[22;39H2[2;2H[?25h[?25l[3;1H[K[22;37H3,1[3;1H[?25h[?25l8[22;39H2[3;2H[?25h[?25l[4;1H[K[22;37H4,1[4;1H[?25h[?25l2[22;39H2[4;2H[?25h[?25l[5;1H[K[22;37H5,1[5;1H[?25h[?25l9[22;39H2[5;2H[?25h[?25l[6;1H[K[22;37H6,1[6;1H[?25h[?25l1[22;39H2[6;2H[?25h[?25l-[22;39H3[6;3H[?25h[?25l[6;2H[K[22;39H2[6;2H[?25h[?25l0[22;39H3[6;3H[?25h[?25l[7;1H[K[22;37H7,1[7;1H[?25h[?25l1[22;39H2[7;2H[?25h[?25l[8;1H[K[22;37H8,1[8;1H[?25h[?25l7[22;39H2[8;2H[?25h[?25l[9;1H[K[22;37H9,1[9;1H[?25h[?25l4[22;39H2[9;2H[?25h[?25l[10;1H[K[22;37H10,1[10;1H[?25h[?25l[1m[34m~                                                     [m[22;37H9,2 [9;2H[?25h[?25l[9;1H[K[22;39H1[9;1H[?25h[?25l3[22;39H2[9;2H[?25h[?25l[10;1H[K[22;37H10,1[10;1H[?25h[?25l4[22;40H2[10;2H[?25h[?25l[11;1H[K[22;38H1,1[11;1H[?25h[?25l[1m[34m~                                                     [m[22;38H0,2[10;2H[?25h[22;1H[K[10;1H[?25l[22;27H^[[10;1H[22;27H  [10;2H[22;37H10,1[10CAll[10;1H[?25h[?25l[22;27H:[10;1H[22;27H[K[22;1H:[?25hew[?25l[22;3H[K[22;3H[?25h[?25l[22;2H[K[22;2H[?25hwq![?25l[?2004l[>4;m"number.txt"<" [New] 10L, 21B written[23;2t[23;1t
[?1004l[?2004l[?1l>[?25h[>4;m[?1049l[23;0;0t$ cart  t number.txt
5
6
8
2
9
10
1
7
3
4
$ sort number.txt
1
10
2
3
4
5
6
7
8
9
$ sp ort -= n numbrt  er/t  ./ txt
1
2
3
4
5
6
7
8
9
10
$ sort -r file1
Yamagata
Miyagi
Iwate
Hokkaido
Fukushima
Aomori
Akita
$ ls 0 -l /bin/ { | sort -rn k 6 5
sort: cannot read: k: No such file or directory
$ ls -l/  /bin/ | soer  rt 0-  0 -rn -0 k 5
-rwxr-xr-x 2 root root    3802104 Nov 23  2023 perl5.34.0
-rwxr-xr-x 2 root root    3802104 Nov 23  2023 perl
-rwxr-xr-x 1 root root    3787824 Nov  7 13:17 vim.basic
-rwxr-xr-x 1 root root    1396520 Mar 14  2024 bash
-rwxr-xr-x 1 root root    1001272 Aug 20 17:27 openssl
-rwxr-xr-x 1 root root     517952 Dec  5  2023 tar
-rwxr-xr-x 1 root root     334808 May  6  2024 localedef
-rwxr-xr-x 1 root root     318144 Feb 23  2024 dpkg
-rwxr-sr-x 1 root plocate  313904 Feb 17  2022 plocate
-rwxr-xr-x 1 root root     303512 Apr  3  2023 cvtsudoers
-rwxr-xr-x 1 root root     282088 Mar 23  2022 find
-rwxr-xr-x 1 root root     277544 Jul  4  2022 gpgv
-rwxr-xr-x 1 root root     260328 Dec 11 17:26 curl
-rwsr-xr-x 1 root root     232416 Apr  3  2023 sudo
-rwxr-xr-x 1 root root     199048 Apr 27  2024 less
-rwxr-xr-x 1 root root     182728 Mar 23  2022 grep
-rwxr-xr-x 1 root root     158504 Jan 23  2022 mawk
-rwxr-xr-x 1 root root     158304 Mar 24  2022 netstat
-rwxr-xr-x 1 root root     150024 Feb  8  2024 du
-rwxr-xr-x 1 root root     145944 Feb  8  2024 install
-rwxr-xr-x 1 root root     141848 Feb 23  2024 dpkg-query
-rwxr-xr-x 1 root root     141832 Feb  8  2024 cp
-rwxr-xr-x 1 root root     141776 Oct 31  2023 ps
-rwxr-xr-x 1 root root     138216 Feb  8  2024 vdir
-rwxr-xr-x 1 root root     138216 Feb  8  2024 ls
-rwxr-xr-x 1 root root     138216 Feb  8  2024 dir
-rwxr-xr-x 1 root root     137752 Feb  8  2024 mv
-rwxr-xr-x 1 root root     137720 Feb 23  2024 dpkg-deb
-rwxr-xr-x 1 root root     133680 Mar 23  2022 diff
-rwxr-xr-x 1 root root     133184 Oct 31  2023 top
-rwxr-xr-x 1 root root     129592 Feb  8  2024 ptx
-rwxr-xr-x 1 root root     125688 Mar 23  2022 dash
-rwxr-xr-x 1 root root     125320 Apr  9  2024 lsblk
-rwxr-xr-x 1 root root     121336 Feb 23  2024 dpkg-divert
-rwxr-xr-x 1 root root     113224 Mar 25  2022 sed
-rwxr-xr-x 1 root root     109064 Feb  8  2024 csplit
-rwxr-xr-x 1 root root     104968 Feb  8  2024 date
-rwxr-xr-x 1 root root     104872 Feb  8  2024 expr
-rwxr-xr-x 1 root root     101176 Feb  8  2024 sort
-rwxr-xr-x 1 root root     100936 Feb  8  2024 nl
-rwxr-xr-x 1 root root     100872 Feb 23  2024 dpkg-split
-rwxr-xr-x 1 root root     100776 Feb  8  2024 tac
-rwxr-xr-x 1 root root     100736 Apr  9  2024 lscpu
-rwxr-xr-x 1 root root      93424 Sep  5  2022 gzip
-rwxr-xr-x 1 root root      92680 Feb  8  2024 touch
-rwxr-xr-x 1 root root      89744 Apr  3  2023 sudoreplay
-rwxr-xr-x 1 root root      88488 May 16  2023 tic
-rwxr-xr-x 1 root root      85072 Feb  8  2024 df
-rwxr-xr-x 1 root root      84448 Sep  5 14:43 apt-cache
-rwxr-xr-x 1 root root      80400 Feb  8  2024 stat
-rwxr-xr-x 1 root root      76672 Feb  5  2022 ping
-rwxr-xr-x 1 root root      76296 Feb  8  2024 stty
-rwsr-xr-x 1 root root      72712 Feb  6  2024 chfn
-rwxr-xr-x 1 root root      72304 Apr  9  2024 dmesg
-rwxr-xr-x 1 root root      72200 Feb  8  2024 factor
-rwxr-sr-x 1 root shadow    72184 Feb  6  2024 chage
-rwsr-xr-x 1 root root      72072 Feb  6  2024 gpasswd
-rwxr-xr-x 1 root root      68176 Feb  8  2024 pr
-rwxr-xr-x 1 root root      68120 Feb  8  2024 dd
-rwxr-xr-x 1 root root      68112 Feb  8  2024 tail
-rwxr-xr-x 1 root root      68104 Feb  8  2024 od
-rwxr-xr-x 1 root root      68104 Feb  8  2024 mkdir
-rwxr-xr-x 1 root root      68000 May  6  2024 iconv
-rwxr-xr-x 1 root root      65136 Apr  9  2024 findmnt
-rwxr-xr-x 1 root root      63912 Mar 23  2022 xargs
-rwxr-xr-x 1 root root      63872 May 16  2023 infocmp
-rwsr-xr-x 1 root root      59976 Feb  6  2024 passwd
-rwxr-xr-x 1 root root      59912 Feb  8  2024 rm
-rwxr-xr-x 1 root root      59912 Feb  8  2024 ln
-rwxr-xr-x 1 root root      59912 Feb  8  2024 chown
-rwxr-xr-x 1 root root      59912 Feb  8  2024 chcon
-rwxr-xr-x 1 root root      59816 Feb  8  2024 sha512sum
-rwxr-xr-x 1 root root      59816 Feb  8  2024 sha384sum
-rwxr-xr-x 1 root root      59784 Apr  9  2024 partx
-rwxr-xr-x 1 root root      59640 Feb 23  2024 update-alternatives
-rwxr-xr-x 1 root root      58944 May  6  2024 locale
-rwxr-xr-x 1 root root      55848 Feb  8  2024 numfmt
-rwxr-xr-x 1 root root      55824 Mar 23  2022 diff3
-rwxr-xr-x 1 root root      55816 Feb  8  2024 chmod
-rwxr-xr-x 1 root root      55816 Feb  8  2024 chgrp
-rwsr-xr-x 1 root root      55680 Apr  9  2024 su
-rwxr-xr-x 1 root root      52976 Feb  6  2024 login
-rwxr-xr-x 1 root root      52192 Feb  8  2024 split
-rwxr-xr-x 1 root root      51736 Feb  8  2024 who
-rwxr-xr-x 1 root root      51728 Feb  8  2024 b2sum
-rwxr-xr-x 1 root root      51720 Feb  8  2024 shred
-rwxr-xr-x 1 root root      51680 Sep  5 14:43 apt-mark
-rwxr-xr-x 1 root root      51680 Sep  5 14:43 apt-get
-rwxr-xr-x 1 root root      51648 Feb  8  2024 printf
-rwxr-xr-x 1 root root      51648 Feb  8  2024 [
-rwxr-xr-x 1 root root      51624 Feb  8  2024 sha256sum
-rwxr-xr-x 1 root root      51624 Feb  8  2024 sha224sum
-rwxr-xr-x 1 root root      51584 Apr  9  2024 script
-rwxr-xr-x 1 root root      51584 Apr  9  2024 lslogins
-rwxr-xr-x 1 root root      51584 Apr  9  2024 lsipc
-rwxr-xr-x 1 root root      47664 Feb  8  2024 join
-rwxr-xr-x 1 root root      47624 Feb  8  2024 tsort
-rwxr-xr-x 1 root root      47624 Feb  8  2024 tr
-rwxr-xr-x 1 root root      47624 Feb  8  2024 shuf
-rwxr-xr-x 1 root root      47624 Feb  8  2024 seq
-rwxr-xr-x 1 root root      47624 Feb  8  2024 basenc
-rwxr-xr-x 1 root root      47504 Mar 23  2022 sdiff
-rwsr-xr-x 1 root root      47488 Apr  9  2024 mount
-rwxr-xr-x 1 root root      47368 Feb 23  2024 dpkg-statoverride
-rwsr-xr-x 1 root root      44808 Feb  6  2024 chsh
-rwxr-xr-x 1 root root      43976 Feb  8  2024 env
-rwxr-xr-x 1 root root      43528 Feb  8  2024 uniq
-rwxr-xr-x 1 root root      43528 Feb  8  2024 stdbuf
-rwxr-xr-x 1 root root      43528 Feb  8  2024 mknod
-rwxr-xr-x 1 root root      43528 Feb  8  2024 head
-rwxr-xr-x 1 root root      43456 Feb  8  2024 test
-rwxr-xr-x 1 root root      43440 Feb  8  2024 wc
-rwxr-xr-x 1 root root      43432 Feb  8  2024 sha1sum
-rwxr-xr-x 1 root root      43432 Feb  8  2024 rmdir
-rwxr-xr-x 1 root root      43432 Feb  8  2024 md5sum
-rwxr-xr-x 1 root root      43424 Feb 23  2024 dpkg-trigger
-rwxr-xr-x 1 root root      43408 Mar 23  2022 cmp
-rwxr-xr-x 1 root root      43400 Apr  9  2024 more
-rwxr-xr-x 1 root root      43392 Apr  9  2024 scriptlive
-rwsr-xr-x 1 root root      40496 Feb  6  2024 newgrp
-rwxr-xr-x 1 root root      39880 Feb  8  2024 timeout
-rwxr-xr-x 1 root root      39576 May  6  2024 getent
-rwxr-xr-x 1 root root      39440 Feb  8  2024 dircolors
-rwxr-xr-x 1 root root      39432 Feb  8  2024 mktemp
-rwxr-xr-x 1 root root      39432 Feb  8  2024 mkfifo
-rwxr-xr-x 1 root root      39432 Feb  8  2024 id
-rwxr-xr-x 1 root root      39432 Feb  8  2024 fmt
-rwxr-xr-x 1 root root      39432 Feb  8  2024 cut
-rwxr-xr-x 1 root root      39336 Feb  8  2024 realpath
-rwxr-xr-x 1 root root      39336 Feb  8  2024 readlink
-rwxr-xr-x 1 root root      39304 Apr  9  2024 setpriv
-rwxr-xr-x 1 root root      39304 Apr  9  2024 lsns
-rwxr-xr-x 1 root root      39296 Apr  9  2024 ipcs
-rwxr-xr-x 1 root root      39160 Oct 31  2023 vmstat
-rwxr-xr-x 1 root root      35808 Apr  9  2024 logger
-rwxr-xr-x 1 root root      35360 Feb  8  2024 unexpand
-rwxr-xr-x 1 root root      35360 Feb  8  2024 expand
-rwxr-xr-x 1 root root      35344 Feb  8  2024 comm
-rwxr-xr-x 1 root root      35336 Feb  8  2024 users
-rwxr-xr-x 1 root root      35336 Feb  8  2024 uname
-rwxr-xr-x 1 root root      35336 Feb  8  2024 truncate
-rwxr-xr-x 1 root root      35336 Feb  8  2024 tee
-rwxr-xr-x 1 root root      35336 Feb  8  2024 sleep
-rwxr-xr-x 1 root root      35336 Feb  8  2024 runcon
-rwxr-xr-x 1 root root      35336 Feb  8  2024 pwd
-rwxr-xr-x 1 root root      35336 Feb  8  2024 pathchk
-rwxr-xr-x 1 root root      35336 Feb  8  2024 nproc
-rwxr-xr-x 1 root root      35336 Feb  8  2024 nice
-rwxr-xr-x 1 root root      35336 Feb  8  2024 groups
-rwxr-xr-x 1 root root      35336 Feb  8  2024 fold
-rwxr-xr-x 1 root root      35336 Feb  8  2024 basename
-rwxr-xr-x 1 root root      35336 Feb  8  2024 base64
-rwxr-xr-x 1 root root      35336 Feb  8  2024 base32
-rwxr-xr-x 1 root root      35288 Feb  8  2024 cat
-rwxr-xr-x 1 root root      35256 Apr  9  2024 hardlink
-rwxr-xr-x 1 root root      35240 Feb  8  2024 sync
-rwxr-xr-x 1 root root      35240 Feb  8  2024 sum
-rwxr-xr-x 1 root root      35240 Feb  8  2024 pinky
-rwxr-xr-x 1 root root      35240 Feb  8  2024 paste
-rwxr-xr-x 1 root root      35240 Feb  8  2024 nohup
-rwxr-xr-x 1 root root      35240 Feb  8  2024 cksum
-rwxr-xr-x 1 root root      35200 Apr  9  2024 setterm
-rwxr-xr-x 1 root root      35200 Apr  9  2024 scriptreplay
-rwxr-xr-x 1 root root      35200 Apr  9  2024 lsmem
-rwxr-xr-x 1 root root      35200 Apr  9  2024 last
-rwsr-xr-x 1 root root      35200 Apr  9  2024 umount
-rwxr-xr-x 1 root root      35128 Feb  8  2024 echo
-rwxr-xr-x 1 root root      35112 May  6  2024 getconf
-rwxr-xr-x 1 root root      35064 Oct 31  2023 pmap
-rwxr-xr-x 1 root root      31576 Apr  9  2024 whereis
-rwxr-xr-x 1 root root      31440 Apr  9  2024 lslocks
-rwxr-xr-x 1 root root      31336 Apr  9  2024 unshare
-rwxr-xr-x 1 root root      31240 Feb  8  2024 whoami
-rwxr-xr-x 1 root root      31240 Feb  8  2024 unlink
-rwxr-xr-x 1 root root      31240 Feb  8  2024 tty
-rwxr-xr-x 1 root root      31240 Feb  8  2024 logname
-rwxr-xr-x 1 root root      31240 Feb  8  2024 link
-rwxr-xr-x 1 root root      31240 Feb  8  2024 hostid
-rwxr-xr-x 1 root root      31240 Feb  8  2024 arch
-rwxr-xr-x 1 root root      31128 Apr  9  2024 wdctl
-rwxr-xr-x 1 root root      31112 Feb  8  2024 yes
-rwxr-xr-x 1 root root      31112 Feb  8  2024 printenv
-rwxr-xr-x 1 root root      31112 Feb  8  2024 dirname
-rwxr-xr-x 1 root root      30968 Oct 31  2023 pidwait
-rwxr-xr-x 1 root root      30968 Oct 31  2023 pgrep
-rwxr-xr-x 1 root root      30952 Oct 31  2023 skill
-rwxr-xr-x 1 root root      30952 Oct 31  2023 kill
-rwxr-xr-x 1 root root      28288 Feb  6  2024 lastlog
-rwxr-xr-x 1 root root      28173 Sep  5 14:43 apt-key
-rwxr-xr-x 1 root root      27536 Apr  9  2024 prlimit
-rwxr-xr-x 1 root root      27288 Apr  9  2024 setarch
-rwxr-xr-x 1 root root      27240 Oct 31  2023 watch
-rwxr-xr-x 1 root root      27240 Apr  9  2024 nsenter
-rwxr-xr-x 1 root root      27176 Mar 23  2022 run-parts
-rwxr-xr-x 1 root root      27104 Sep  5 14:43 apt-cdrom
-rwxr-xr-x 1 root root      27080 Apr  9  2024 mcookie
-rwxr-xr-x 1 root root      27024 Sep  5 14:43 apt-config
-rwxr-xr-x 1 root root      27008 Apr  9  2024 uclampset
-rwxr-xr-x 1 root root      27008 Apr  9  2024 chrt
-rwxr-xr-x 1 root root      26968 May 16  2023 tput
-rwxr-xr-x 1 root root      26944 May 16  2023 tset
-rwxr-xr-x 1 root root      26936 Feb  8  2024 true
-rwxr-xr-x 1 root root      26936 Feb  8  2024 false
-rwxr-xr-x 1 root root      26864 Oct 31  2023 free
-rwxr-xr-x 1 root root      26840 May  6  2024 zdump
-rwxr-xr-x 1 root root      24272 Apr 27  2024 lesskey
-rwxr-xr-x 1 root root      23136 Feb  6  2024 faillog
-rwxr-sr-x 1 root shadow    23136 Feb  6  2024 expiry
-rwxr-xr-x 1 root root      23024 Apr  9  2024 flock
-rwxr-xr-x 1 root root      22984 Apr  9  2024 ipcmk
-rwxr-xr-x 1 root root      22960 Apr  9  2024 fincore
-rwxr-xr-x 1 root root      22912 Apr  9  2024 wall
-rwxr-xr-x 1 root root      22912 Apr  9  2024 utmpdump
-rwxr-xr-x 1 root root      22912 Apr  9  2024 taskset
-rwxr-xr-x 1 root root      22912 Apr  9  2024 resizepart
-rwxr-xr-x 1 root root      22912 Apr  9  2024 namei
-rwxr-xr-x 1 root root      22912 Apr  9  2024 getopt
-rwxr-xr-x 1 root root      22912 Apr  9  2024 fallocate
-rwxr-xr-x 1 root root      22912 Apr  9  2024 choom
-rwxr-xr-x 1 root root      22904 May  6  2024 pldd
-rwxr-xr-x 1 root root      22840 May 16  2023 toe
-rwxr-xr-x 1 root root      22768 Oct 31  2023 slabtop
-rwxr-xr-x 1 root root      22760 Oct 31  2023 w
-rwxr-xr-x 1 root root      22760 Mar 23  2022 hostname
-rwxr-xr-x 1 root root      21394 Dec  7  2021 deb-systemd-helper
-rwxr-xr-x 1 root root      21209 Feb 23  2024 dpkg-maintscript-helper
-rwxr-xr-x 1 root root      18824 Sep  5 14:43 apt
-rwxr-xr-x 1 root root      18816 Apr  9  2024 mountpoint
-rwxr-xr-x 1 root root      18816 Apr  9  2024 ipcrm
-rwxr-xr-x 1 root root      18816 Apr  9  2024 ionice
-rwxr-xr-x 1 root root      18744 May 16  2023 tabs
-rwxr-xr-x 1 root root      18720 Nov  7 13:17 xxd
-rwxr-xr-x 1 root root      18680 Oct 31  2023 tload
-rwxr-xr-x 1 root root      15378 May  6  2024 tzselect
-rwxr-xr-x 1 root root      14720 Apr  9  2024 setsid
-rwxr-xr-x 1 root root      14720 Apr  9  2024 rev
-rwxr-xr-x 1 root root      14720 Apr  9  2024 renice
-rwxr-xr-x 1 root root      14720 Apr  9  2024 mesg
-rwxr-xr-x 1 root root      14720 Apr  9  2024 delpart
-rwxr-xr-x 1 root root      14720 Apr  9  2024 addpart
-rwxr-xr-x 1 root root      14656 Oct  9  2023 lsattr
-rwxr-xr-x 1 root root      14656 Oct  9  2023 chattr
-rwxr-xr-x 1 root root      14656 May 16  2023 clear
-rwxr-xr-x 1 root root      14656 Apr 27  2024 lessecho
-rwxr-xr-x 1 root root      14568 Oct 31  2023 uptime
-rwxr-xr-x 1 root root      14568 Oct 31  2023 pwdx
-rwxr-xr-x 1 root root      14568 Mar 14  2024 clear_console
-rwxr-xr-x 1 root root      14536 Mar 23  2022 ischroot
-rwxr-xr-x 1 root root      14488 Sep 10 11:18 locale-check
-rwxr-xr-x 1 root root      14360 Mar 23  2022 tempfile
-rwxr-xr-x 1 root root      11541 Feb 20  2022 debconf-apt-progress
-rwxr-xr-x 1 root root      10487 Mar 23  2022 savelog
-rwxr-xr-x 1 root root       9047 Dec 28  2021 lesspipe
-rwxr-xr-x 1 root root       8103 Sep  5  2022 zgrep
-rwxr-xr-x 1 root root       6963 Aug 20 17:27 c_rehash
-rwxr-xr-x 1 root root       6818 Mar 14  2024 bashbug
-rwxr-xr-x 1 root root       6447 Sep  5  2022 gzexe
-rwxr-xr-x 1 root root       6156 Feb 15  2022 deb-systemd-invoke
-rwxr-xr-x 1 root root       5898 Sep  5  2022 zdiff
-rwxr-xr-x 1 root root       5443 May  6  2024 ldd
-rwxr-xr-x 1 root root       4577 Sep  5  2022 znew
-rwxr-xr-x 1 root root       4189 Feb 23  2024 dpkg-realpath
-rwxr-xr-x 1 root root       2995 Feb 20  2022 debconf-set-selections
-rwxr-xr-x 1 root root       2859 Feb 20  2022 debconf
-rwxr-xr-x 1 root root       2514 Aug 27 05:29 helpztags
-rwxr-xr-x 1 root root       2450 Aug 29  2021 select-editor
-rwxr-xr-x 2 root root       2346 Sep  5  2022 uncompress
-rwxr-xr-x 2 root root       2346 Sep  5  2022 gunzip
-rwxr-xr-x 1 root root       2206 Sep  5  2022 zless
-rwxr-xr-x 1 root root       2154 Nov  7 13:17 vimtutor
-rwxr-xr-x 1 root root       2081 Sep  5  2022 zforce
-rwxr-xr-x 1 root root       1984 Sep  5  2022 zcat
-rwxr-xr-x 1 root root       1842 Sep  5  2022 zmore
-rwxr-xr-x 1 root root       1827 Feb 20  2022 debconf-show
-rwxr-xr-x 1 root root       1719 Feb 20  2022 debconf-copydb
-rwxr-xr-x 1 root root       1678 Sep  5  2022 zcmp
-rwxr-xr-x 1 root root       1290 Aug 29  2021 sensible-browser
-rwxr-xr-x 1 root root       1269 Aug 29  2021 sensible-editor
-rwxr-xr-x 1 root root        946 Mar 23  2022 which.debianutils
-rwxr-xr-x 1 root root        647 Feb 20  2022 debconf-escape
-rwxr-xr-x 1 root root        608 Feb 20  2022 debconf-communicate
-rwxr-xr-x 1 root root        565 Aug 29  2021 sensible-pager
-rwxr-xr-x 1 root root        320 Sep 11 14:07 man
-rwxr-xr-x 1 root root         30 Jan 29  2020 rgrep
-rwxr-xr-x 1 root root         29 Sep  5  2022 zfgrep
-rwxr-xr-x 1 root root         29 Sep  5  2022 zegrep
-rwxr-xr-x 1 root root         28 Mar 23  2022 fgrep
-rwxr-xr-x 1 root root         28 Mar 23  2022 egrep
lrwxrwxrwx 1 root root         26 Jan 14 12:27 updatedb -> /etc/alternatives/updatedb
lrwxrwxrwx 1 root root         25 Jan 14 12:27 vimdiff -> /etc/alternatives/vimdiff
lrwxrwxrwx 1 root root         24 Jan 14 12:27 locate -> /etc/alternatives/locate
lrwxrwxrwx 1 root root         24 Jan 14 12:27 editor -> /etc/alternatives/editor
lrwxrwxrwx 1 root root         23 Sep 11 14:04 which -> /etc/alternatives/which
lrwxrwxrwx 1 root root         23 Sep 11 14:04 pager -> /etc/alternatives/pager
lrwxrwxrwx 1 root root         23 Jan 14 12:27 rview -> /etc/alternatives/rview
lrwxrwxrwx 1 root root         22 Sep 11 14:04 nawk -> /etc/alternatives/nawk
lrwxrwxrwx 1 root root         22 Jan 14 12:27 view -> /etc/alternatives/view
lrwxrwxrwx 1 root root         22 Jan 14 12:27 rvim -> /etc/alternatives/rvim
lrwxrwxrwx 1 root root         21 Sep 11 14:04 awk -> /etc/alternatives/awk
lrwxrwxrwx 1 root root         21 Jan 14 12:27 vim -> /etc/alternatives/vim
lrwxrwxrwx 1 root root         20 Jan 14 12:27 vi -> /etc/alternatives/vi
lrwxrwxrwx 1 root root         20 Jan 14 12:27 ex -> /etc/alternatives/ex
lrwxrwxrwx 1 root root         14 Dec 14  2021 pidof -> /sbin/killall5
lrwxrwxrwx 1 root root          8 Mar 23  2022 ypdomainname -> hostname
lrwxrwxrwx 1 root root          8 Mar 23  2022 nisdomainname -> hostname
lrwxrwxrwx 1 root root          8 Mar 23  2022 domainname -> hostname
lrwxrwxrwx 1 root root          8 Mar 23  2022 dnsdomainname -> hostname
lrwxrwxrwx 1 root root          8 Apr 27  2024 lessfile -> lesspipe
lrwxrwxrwx 1 root root          7 Apr  9  2024 x86_64 -> setarch
lrwxrwxrwx 1 root root          7 Apr  9  2024 linux64 -> setarch
lrwxrwxrwx 1 root root          7 Apr  9  2024 linux32 -> setarch
lrwxrwxrwx 1 root root          7 Apr  9  2024 i386 -> setarch
lrwxrwxrwx 1 root root          6 Feb  8  2024 md5sum.textutils -> md5sum
lrwxrwxrwx 1 root root          6 Feb  6  2024 sg -> newgrp
lrwxrwxrwx 1 root root          5 Oct 31  2023 snice -> skill
lrwxrwxrwx 1 root root          5 Oct 31  2023 pkill -> pgrep
lrwxrwxrwx 1 root root          4 May 16  2023 reset -> tset
lrwxrwxrwx 1 root root          4 Mar 23  2022 sh -> dash
lrwxrwxrwx 1 root root          4 Mar 14  2024 rbash -> bash
lrwxrwxrwx 1 root root          4 Feb  5  2022 ping6 -> ping
lrwxrwxrwx 1 root root          4 Feb  5  2022 ping4 -> ping
lrwxrwxrwx 1 root root          4 Apr  9  2024 lastb -> last
lrwxrwxrwx 1 root root          4 Apr  3  2023 sudoedit -> sudo
lrwxrwxrwx 1 root root          3 May 16  2023 infotocap -> tic
lrwxrwxrwx 1 root root          3 May 16  2023 captoinfo -> tic
total 28520
$ ^[[A    exit

Script done on 2025-01-21 05:18:22+00:00 [COMMAND_EXIT_CODE="0"]
